// Vitest Snapshot v1, https://vitest.dev/guide/snapshot.html

exports[`configRouter > getGlobalConfig > Model Provider env > COMETAPI_MODEL_LIST > custom deletion, addition, and renaming of models 1`] = `
{
  "enabled": false,
  "enabledModels": [
    "gpt-5-chat-latest",
    "chatgpt-4o-latest",
    "gpt-5-mini",
  ],
  "serverModelCards": [
    {
      "displayName": "gpt-5-chat-latest",
      "enabled": true,
      "id": "gpt-5-chat-latest",
    },
    {
      "contextWindowTokens": 128000,
      "description": "ChatGPT-4o 是一款动态模型，实时更新以保持当前最新版本。它结合了强大的语言理解与生成能力，适合于大规模应用场景，包括客户服务、教育和技术支持。",
      "displayName": "ChatGPT-4o",
      "enabled": true,
      "id": "chatgpt-4o-latest",
      "vision": true,
    },
    {
      "contextWindowTokens": 400000,
      "description": "更快、更经济高效的 GPT-5 版本，适用于明确定义的任务。在保持高质量输出的同时，提供更快的响应速度。",
      "displayName": "GPT-5 mini",
      "enabled": true,
      "functionCall": true,
      "id": "gpt-5-mini",
      "maxOutput": 128000,
      "pricing": {
        "units": [
          {
            "name": "textInput",
            "rate": 0.25,
            "strategy": "fixed",
            "unit": "millionTokens",
          },
          {
            "name": "textOutput",
            "rate": 2,
            "strategy": "fixed",
            "unit": "millionTokens",
          },
          {
            "name": "textInput_cacheRead",
            "rate": 0.03,
            "strategy": "fixed",
            "unit": "millionTokens",
          },
        ],
      },
      "releasedAt": "2025-08-07",
      "vision": true,
    },
  ],
}
`;

exports[`configRouter > getGlobalConfig > Model Provider env > OPENAI_MODEL_LIST > custom deletion, addition, and renaming of models 1`] = `
{
  "enabled": true,
  "enabledModels": [
    "llama",
    "claude-2",
    "gpt-4-0125-preview",
  ],
  "serverModelCards": [
    {
      "displayName": "llama",
      "enabled": true,
      "id": "llama",
    },
    {
      "displayName": "claude-2",
      "enabled": true,
      "id": "claude-2",
    },
    {
      "contextWindowTokens": 128000,
      "description": "最新的 GPT-4 Turbo 模型具备视觉功能。现在，视觉请求可以使用 JSON 模式和函数调用。 GPT-4 Turbo 是一个增强版本，为多模态任务提供成本效益高的支持。它在准确性和效率之间找到平衡，适合需要进行实时交互的应用程序场景。",
      "displayName": "gpt-4-32k",
      "enabled": true,
      "functionCall": true,
      "id": "gpt-4-0125-preview",
    },
  ],
}
`;

exports[`configRouter > getGlobalConfig > Model Provider env > OPENAI_MODEL_LIST > should work correct with gpt-4 1`] = `
[
  {
    "contextWindowTokens": 16385,
    "description": "GPT 3.5 Turbo，适用于各种文本生成和理解任务，Currently points to gpt-3.5-turbo-0125",
    "displayName": "GPT-3.5 Turbo 1106",
    "enabled": true,
    "functionCall": true,
    "id": "gpt-3.5-turbo-1106",
  },
  {
    "contextWindowTokens": 16385,
    "description": "GPT 3.5 Turbo，适用于各种文本生成和理解任务，Currently points to gpt-3.5-turbo-0125",
    "displayName": "GPT-3.5 Turbo",
    "enabled": true,
    "functionCall": true,
    "id": "gpt-3.5-turbo",
  },
  {
    "contextWindowTokens": 8192,
    "description": "GPT-4 提供了一个更大的上下文窗口，能够处理更长的文本输入，适用于需要广泛信息整合和数据分析的场景。",
    "displayName": "GPT-4",
    "enabled": true,
    "functionCall": true,
    "id": "gpt-4",
  },
  {
    "contextWindowTokens": 32768,
    "description": "GPT-4 提供了一个更大的上下文窗口，能够处理更长的文本输入，适用于需要广泛信息整合和数据分析的场景。",
    "displayName": "GPT-4 32K",
    "enabled": true,
    "functionCall": true,
    "id": "gpt-4-32k",
  },
  {
    "contextWindowTokens": 128000,
    "description": "最新的 GPT-4 Turbo 模型具备视觉功能。现在，视觉请求可以使用 JSON 模式和函数调用。 GPT-4 Turbo 是一个增强版本，为多模态任务提供成本效益高的支持。它在准确性和效率之间找到平衡，适合需要进行实时交互的应用程序场景。",
    "displayName": "GPT-4 Turbo Preview 1106",
    "enabled": true,
    "functionCall": true,
    "id": "gpt-4-1106-preview",
  },
  {
    "displayName": "gpt-4-vision",
    "enabled": true,
    "id": "gpt-4-vision",
  },
]
`;

exports[`configRouter > getGlobalConfig > Model Provider env > OPENAI_MODEL_LIST > show the hidden model 1`] = `
{
  "contextWindowTokens": 128000,
  "description": "最新的 GPT-4 Turbo 模型具备视觉功能。现在，视觉请求可以使用 JSON 模式和函数调用。 GPT-4 Turbo 是一个增强版本，为多模态任务提供成本效益高的支持。它在准确性和效率之间找到平衡，适合需要进行实时交互的应用程序场景。",
  "displayName": "GPT-4 Turbo Preview 1106",
  "enabled": true,
  "functionCall": true,
  "id": "gpt-4-1106-preview",
}
`;

exports[`configRouter > getGlobalConfig > Model Provider env > OPENROUTER_MODEL_LIST > custom deletion, addition, and renaming of models 1`] = `
{
  "enabled": false,
  "enabledModels": [
    "meta-llama/llama-3.1-8b-instruct:free",
    "google/gemma-2-9b-it:free",
  ],
  "serverModelCards": [
    {
      "contextWindowTokens": 32768,
      "description": "LLaMA 3.1 提供多语言支持，是业界领先的生成模型之一。",
      "displayName": "Llama 3.1 8B (Free)",
      "enabled": true,
      "id": "meta-llama/llama-3.1-8b-instruct:free",
    },
    {
      "contextWindowTokens": 8192,
      "description": "Gemma 2 是Google轻量化的开源文本模型系列。",
      "displayName": "Gemma 2 9B (Free)",
      "enabled": true,
      "id": "google/gemma-2-9b-it:free",
    },
  ],
}
`;
